// Jest Snapshot v1, https://goo.gl/fbAQLP

exports[`renders the UI as expected 1`] = `
<section
  class="List"
>
  <header
    class="List-header"
  >
    First list
  </header>
  <div
    class="List-cards"
  >
    <div
      class="Card"
    >
      <h3>
        First card
      </h3>
      <p>
        lorem ipsum
      </p>
      <button>
        Delete
      </button>
    </div>
    <div
      class="Card"
    >
      <h3>
        Second card
      </h3>
      <p>
        lorem ipsum
      </p>
      <button>
        Delete
      </button>
    </div>
    <div
      class="Card"
    >
      <h3>
        Fifth card
      </h3>
      <p>
        lorem ipsum
      </p>
      <button>
        Delete
      </button>
    </div>
    <div
      class="Card"
    >
      <h3>
        Sixth card
      </h3>
      <p>
        lorem ipsum
      </p>
      <button>
        Delete
      </button>
    </div>
    <div
      class="Card"
    >
      <h3>
        Seventh card
      </h3>
      <p>
        lorem ipsum
      </p>
      <button>
        Delete
      </button>
    </div>
    <div
      class="Card"
    >
      <h3>
        Tenth card
      </h3>
      <p>
        lorem ipsum
      </p>
      <button>
        Delete
      </button>
    </div>
    <div
      class="Card"
    >
      <h3>
        Twelfth card
      </h3>
      <p>
        lorem ipsum
      </p>
      <button>
        Delete
      </button>
    </div>
    <div
      class="Card"
    >
      <h3>
        Thirteenth card
      </h3>
      <p>
        lorem ipsum
      </p>
      <button>
        Delete
      </button>
    </div>
  </div>
  <button
    class="List-add-button"
  >
    + Random Card
  </button>
</section>
`;
